[INFO] Scanning for projects...
[INFO] 
[INFO] -----------------< com.moneytracker:money-tracker-app >-----------------
[INFO] Building Money-Tracker-App 1.0.0
[INFO]   from pom.xml
[INFO] --------------------------------[ jar ]---------------------------------
[INFO] 
[INFO] --- clean:3.3.2:clean (default-clean) @ money-tracker-app ---
[INFO] Deleting D:\Project\Money-Tracking-App\target
[INFO] 
[INFO] --- resources:3.3.1:resources (default-resources) @ money-tracker-app ---
[INFO] Copying 1 resource from src\main\resources to target\classes
[INFO] Copying 0 resource from src\main\resources to target\classes
[INFO] 
[INFO] --- compiler:3.11.0:compile (default-compile) @ money-tracker-app ---
[INFO] Changes detected - recompiling the module! :source
[INFO] Compiling 47 source files with javac [debug release 17] to target\classes
[INFO] ------------------------------------------------------------------------
[INFO] BUILD SUCCESS
[INFO] ------------------------------------------------------------------------
[INFO] Total time:  5.656 s
[INFO] Finished at: 2026-01-23T17:20:49+05:30
[INFO] ------------------------------------------------------------------------
